[mydahlia.co.kr/index.html]
[mydahlia.co.kr/ind-script/optimizer4b0c.php]
[backblue.gif]
[fade.gif]
[index.html]
[mydahlia.co.kr/weskin_import/css/swiper.min.css]
[cdn.jsdelivr.net/npm/xeicon@2.3.3/xeicon.min.css]
[mydahlia.co.kr/weskin_import/js/swiper.min.js]
[mydahlia.co.kr/weskin_import/js/jquery-1.11.2.min.js]
[mydahlia.co.kr/weskin_import/js/jquery.bpopup-0.10.0.min.js]
[mydahlia.co.kr/web/upload/favicon-c91cd3f7ee18367c3678263018e0a1d1.ico]
[mydahlia.co.kr/app/Eclog/js/cid.generatecade.js]
[img.echosting.cafe24.com/editors/froala/css/froala_style_ec.min.css]
[mydahlia.co.kr/ind-script/optimizerd7b0.css]
[wcs.naver.net/wcslog.js]
[mydahlia.co.kr/ind-script/optimizer87c7.css]
[mydahlia.co.kr/web/upload/weskin32/kr/main/mydahlia_logo.png]
[mydahlia.co.kr/article/이벤트/8/15612/index.html]
[mydahlia.co.kr/shopinfo/brand.html]
[img.cafe24.com/img/common/global/ko_KR_18x12.png]
[img.cafe24.com/img/common/global/ko_KR_32x24.png]
[mydahlia.co.kr/category/shop/90/index.html]
[mydahlia.co.kr/myshop/index.html]
[mydahlia.co.kr/board/공지사항/1/index.html]
[mydahlia.co.kr/board/상품-사용후기/4/index.html]
[mydahlia.co.kr/board/상품-qa/6/index.html]
[mydahlia.co.kr/member/login.html]
[mydahlia.co.kr/board/이벤트/8/index.html]
[mydahlia.co.kr/member/join.html]
[mydahlia.co.kr/product/searchb8ec.html]
[mydahlia.co.kr/product/search44df.html]
[mydahlia.co.kr/web/upload/weskin32/kr/main/main_14.jpg]
[mydahlia.co.kr/product/search49be.html]
[mydahlia.co.kr/web/upload/weskin32/kr/main/main_12.jpg]
[mydahlia.co.kr/product/메이크업-딥-클린-스틱-20g/144/category/90/display/1/index.html]
[mydahlia.co.kr/web/upload/weskin32/kr/main/main_10-1.jpg]
[mydahlia.co.kr/product/비타-워시-오프-밤-스틱-20g/143/category/90/display/1/index.html]
[mydahlia.co.kr/product/딥-클리어링-머드-스틱-20g/137/category/90/display/1/index.html]
[mydahlia.co.kr/web/upload/weskin32/kr/main/main_7-1.jpg]
[mydahlia.co.kr/web/upload/weskin32/kr/main/main_6-1.jpg]
[mydahlia.co.kr/product/밤-블랙헤드-스틱-20g/123/category/90/display/1/index.html]
[mydahlia.co.kr/product/더-비타-멀티밤-10g/131/category/90/display/1/index.html]
[mydahlia.co.kr/web/upload/weskin32/kr/main/main_13.jpg]
[mydahlia.co.kr/category/포켓퍼퓸/83/index.html]
[mydahlia.co.kr/category/전제품/26/_.html]
[mydahlia.co.kr/web/product/medium/202112/89f47c13c7a7754e2f944a29cb282eef.jpg]
[mydahlia.co.kr/product/메이크업-딥-클린-스틱-20g/144/category/1/display/4/index.html]
[mydahlia.co.kr/web/upload/icon_201906041142116700.png]
[mydahlia.co.kr/web/upload/icon_201906041142243100.png]
[mydahlia.co.kr/web/upload/icon_201906041141583700.png]
[mydahlia.co.kr/web/upload/icon_201804051831404500.png]
[mydahlia.co.kr/web/product/medium/202110/bf7c89dcb42cc38ecc74a9d37244d785.jpg]
[mydahlia.co.kr/web/product/medium/202111/a1ff187d11d84a8c0b18267c3e77f805.jpg]
[mydahlia.co.kr/product/비타-워시-오프-밤-스틱-20g/143/category/1/display/4/index.html]
[mydahlia.co.kr/web/product/medium/202111/334b1307275119f5883afa78333b6053.jpg]
[mydahlia.co.kr/product/딥-클리어링-머드-스틱-20g/137/category/1/display/4/index.html]
[mydahlia.co.kr/web/upload/icon_201906041142058700.png]
[mydahlia.co.kr/web/product/medium/202111/98874554aa47cf52e3b537ec5457bb94.jpg]
[mydahlia.co.kr/product/밤-블랙헤드-스틱-20g/123/category/1/display/4/index.html]
[mydahlia.co.kr/product/더-비타-멀티밤-10g/131/category/1/display/4/index.html]
[mydahlia.co.kr/web/product/medium/202105/8e5a8432d9bcd549caeb8b5022c47669.png]
[mydahlia.co.kr/product/리얼-퍼퓸-샴푸-다마스크-로즈-1000ml/125/category/1/display/4/index.html]
[mydahlia.co.kr/web/product/medium/202105/9a3b903e1ed534c10edf9b10494b737c.png]
[mydahlia.co.kr/product/리얼-퍼퓸-바디워시-베리-릴리-1000ml/128/category/1/display/4/index.html]
[mydahlia.co.kr/web/product/medium/202106/edb1f9173506e55a8fc0d70f62710c69.png]
[mydahlia.co.kr/product/리얼-퍼퓸-바디로션-다마스크-로즈-500ml/129/category/1/display/4/index.html]
[mydahlia.co.kr/web/product/medium/202112/9382c3e2a45ae09ff78de801002feb07.jpg]
[mydahlia.co.kr/product/카밍-리페어-시카-스틱-20g/145/category/1/display/4/index.html]
[mydahlia.co.kr/web/upload/weskin32/kr/main/main_banner01.jpg]
[mydahlia.co.kr/board/review/list.html]
[mydahlia.co.kr/web/upload/weskin32/kr/main/main_banner02.jpg]
[mydahlia.co.kr/web/upload/weskin32/kr/main/main_banner03.jpg]
[mydahlia.co.kr/category/sale/28/index.html]
[mydahlia.co.kr/web/product/medium/202106/51aa406a19963efd8d6cf46f1d13968b.png]
[mydahlia.co.kr/web/upload/weskin32/kr/main/main_video_2.jpg]
[mydahlia.co.kr/product/메이크업-딥-클린-스틱-20g/144/category/1/display/6/index.html]
[mydahlia.co.kr/product/비타-워시-오프-밤-스틱-20g/143/category/1/display/6/index.html]
[mydahlia.co.kr/board/review/reade002.html]
[mydahlia.co.kr/web/upload/weskin32/kr/layout/star5.png]
[mydahlia.co.kr/product/딥-클리어링-머드-스틱-20g/137/category/1/display/6/index.html]
[mydahlia.co.kr/product/카밍-리페어-시카-스틱-20g/145/category/1/display/6/index.html]
[mydahlia.co.kr/product/밤-블랙헤드-스틱-20g/123/category/1/display/6/index.html]
[mydahlia.co.kr/board/review/read5b3c.html]
[mydahlia.co.kr/product/리얼-퍼퓸-샴푸-다마스크-로즈-1000ml/125/category/1/display/7/index.html]
[mydahlia.co.kr/product/리얼-퍼퓸-바디워시-베리-릴리-1000ml/128/category/1/display/7/index.html]
[mydahlia.co.kr/board/review/read939d.html]
[mydahlia.co.kr/product/리얼-퍼퓸-바디로션-베리-릴리-500ml/130/category/1/display/7/index.html]
[mydahlia.co.kr/board/review/reada2cb.html]
[mydahlia.co.kr/board/review/read1ae2.html]
[mydahlia.co.kr/web/upload/weskin32/kr/layout/star4.png]
[mydahlia.co.kr/board/review/read78e2.html]
[mydahlia.co.kr/board/review/readea77.html]
[mydahlia.co.kr/web/product/medium/201907/b2b435ab6c02d3a70fe2c15448198fa1.jpg]
[mydahlia.co.kr/board/review/read8e4c.html]
[widgets.cre.ma/mydahlia.co.kr/init.js]
[mydahlia.co.kr/web/upload/weskin32/kr/main_insta.jpg]
[code.jquery.com/jquery-1.11.2.min.js]
[mydahlia.co.kr/member/agreement.html]
[mydahlia.co.kr/web/upload/weskin32/kr/layout/footer_bn01.png]
[mydahlia.co.kr/shopinfo/guide.html]
[mydahlia.co.kr/web/upload/weskin32/kr/layout/footer_bn02.png]
[mydahlia.co.kr/web/upload/weskin32/kr/layout/footer_bn03.png]
[mydahlia.co.kr/web/upload/weskin32/kr/layout/footer_bn04.png]
[mydahlia.co.kr/web/upload/weskin32/kr/layout/weskin_logo.gif]
[mydahlia.co.kr/web/upload/weskin32/kr/layout/kakaoplus.png]
[mydahlia.co.kr/web/upload/weskin32/kr/layout/naver.png]
[img.echosting.cafe24.com/skin/base_ko_KR/layout/txt_progress.gif]
[img.echosting.cafe24.com/skin/base/layout/img_loading.gif]
[cdn.megadata.co.kr/dist/prod/enp_mbris.min.js]
[img.echosting.cafe24.com/skin/base/common/btn_close.gif]
[connect.facebook.net/en_US/fbevents.js]
[t1.daumcdn.net/adfit/static/kp.js]
[mydahlia.co.kr/ind-script/optimizerbcc4.php]
[mydahlia.co.kr/product/add_basket.html]
[mydahlia.co.kr/product/basket_option.html]
[mydahlia.co.kr/index.html]
[cdn.jsdelivr.net/npm/xeicon@2.3.3/fonts/xeicon75d5.woff2]
[cdn.jsdelivr.net/npm/xeicon@2.3.3/fonts/xeicon75d5.eot]
[mydahlia.co.kr/ind-script/i18nd8b7.js]
[cdn.megadata.co.kr/dist/prod/enp_tracker_cafe24_smart.min.js]
[cdn.jsdelivr.net/npm/xeicon@2.3.3/fonts/xeicon75d5.ttf]
[cdn.jsdelivr.net/npm/xeicon@2.3.3/fonts/xeicon75d5.woff]
[cdn.jsdelivr.net/npm/xeicon@2.3.3/xeicon.min.css]
[mydahlia.co.kr/web/upload/weskin32/kr/layout/slide_arrow.png]
[mydahlia.co.kr/weskin_import/css/swiper.min.css]
[mydahlia.co.kr/weskin_import/js/swiper.min.js]
[mydahlia.co.kr/web/upload/weskin32/kr/layout/slide_arrow2.png]
[mydahlia.co.kr/weskin_import/js/jquery-1.11.2.min.js]
[mydahlia.co.kr/weskin_import/js/jquery.bpopup-0.10.0.min.js]
[www.googletagmanager.com/gtm5445.html]
[mydahlia.co.kr/app/Eclog/js/cid.generatecade.js]
[img.echosting.cafe24.com/editors/froala/css/froala_style_ec.min.css]
[img.echosting.cafe24.com/skin/base/common/ico_info.gif]
[mydahlia.co.kr/ind-script/optimizerd7b0.css]
[mydahlia.co.kr/Version/index.html]
[mydahlia.co.kr/version/index-2.html]
[mydahlia.co.kr/web/upload/weskin32/kr/layout/slash.png]
[cdn.jsdelivr.net/npm/xeicon@2.3.3/fonts/xeicon75d5.svg]
[mydahlia.co.kr/_wg/img/_arrow/arrow_menu.gif]
[img.echosting.cafe24.com/skin/base/layout/ico_multishop1.png]
[mydahlia.co.kr/web/upload/weskin32/kr/layout/ico_multishop2.png]
[img.echosting.cafe24.com/skin/base/product/bg_popular_search.gif]
[img.echosting.cafe24.com/skin/base/product/bg_result_type.gif]
[mydahlia.co.kr/ind-script/optimizer87c7.css]
[img.cafe24.com/images/ec_hosting/popup/layer_guide/bg_layer_box1.gif]
[mydahlia.co.kr/article/이벤트/8/15612/index.html]
[mydahlia.co.kr/ind-script/optimizer2260.css]
[mydahlia.co.kr/ind-script/optimizer1f5e.css]
[mydahlia.co.kr/web/upload/weskin32/kr/sub/brand_top_1.jpg]
[mydahlia.co.kr/web/upload/weskin32/kr/sub/left_img03.jpg]
[mydahlia.co.kr/web/upload/weskin32/kr/sub/right_img02.jpg]
[mydahlia.co.kr/web/upload/weskin32/kr/sub/left_img04.jpg]
[img.echosting.cafe24.com/skin/base_ko_KR/link/btn_go.gif]
[mydahlia.co.kr/ind-script/optimizer2a80.php]
[mydahlia.co.kr/shopinfo/brand.html]
[mydahlia.co.kr/ind-script/optimizerf4ce.css]
[mydahlia.co.kr/web/product/medium/202109/fa782c69bb385b5771a21066457bd982.jpg]
[mydahlia.co.kr/web/product/medium/202105/14faae0f9eb8df89b48adea75d954e5c.png]
[mydahlia.co.kr/web/product/medium/202105/36b42ecdc12684cfbfe84c94ef548035.png]
[mydahlia.co.kr/category/블랙헤드스틱/84/index.html]
[img.echosting.cafe24.com/skin/base/common/btn_page_first.gif]
[mydahlia.co.kr/category/멀티밤/108/index.html]
[img.echosting.cafe24.com/skin/base/common/btn_page_prev.gif]
[mydahlia.co.kr/category/머드스틱/112/index.html]
[img.echosting.cafe24.com/skin/base/common/btn_page_next.gif]
[mydahlia.co.kr/category/풋스틱/114/index.html]
[img.echosting.cafe24.com/skin/base/common/btn_page_last.gif]
[mydahlia.co.kr/category/비타스틱/116/index.html]
[mydahlia.co.kr/ind-script/optimizer9daa.php]
[mydahlia.co.kr/category/클린스틱/118/index.html]
[mydahlia.co.kr/product/compare.html]
[mydahlia.co.kr/category/shop/90/index.html]
[mydahlia.co.kr/category/시카스틱/120/index.html]
[mydahlia.co.kr/category/hairbody/87/index.html]
[mydahlia.co.kr/board/공지사항/1/index.html]
[mydahlia.co.kr/category/바디미스트/63/index.html]
[mydahlia.co.kr/board/상품-사용후기/4/index.html]
[mydahlia.co.kr/category/샴푸/99/index.html]
[mydahlia.co.kr/board/상품-qa/6/index.html]
[mydahlia.co.kr/category/바디워시/100/index.html]
[mydahlia.co.kr/board/이벤트/8/index.html]
[mydahlia.co.kr/category/바디로션/102/index.html]
[mydahlia.co.kr/category/fragrance/93/index.html]
[mydahlia.co.kr/ind-script/optimizerdeb7.css]
[mydahlia.co.kr/category/향수/94/index.html]
[mydahlia.co.kr/category/패브릭퍼퓸/74/index.html]
[mydahlia.co.kr/member/login894b.html]
[mydahlia.co.kr/category/디퓨저/64/index.html]
[mydahlia.co.kr/category/shop/90/index74dd.html]
[mydahlia.co.kr/category/shop/90/indexdb38.html]
[mydahlia.co.kr/member/login8fe2.html]
[mydahlia.co.kr/category/shop/90/index297d.html]
[mydahlia.co.kr/myshop/coupon/coupon.html]
[mydahlia.co.kr/category/shop/90/index7677.html]
[mydahlia.co.kr/category/shop/90/indexb860.html]
[mydahlia.co.kr/product/카밍-리페어-시카-스틱-20g/145/category/90/display/1/index.html]
[mydahlia.co.kr/product/베리어-앤-모이스처-풋-스틱/139/category/90/display/1/index.html]
[mydahlia.co.kr/product/리얼-퍼퓸-샴푸-베리-릴리-1000ml/127/category/90/display/1/index.html]
[mydahlia.co.kr/member/loginb5f1.html]
[mydahlia.co.kr/product/리얼-퍼퓸-바디워시-다마스크-로즈-1000ml/126/category/90/display/1/index.html]
[mydahlia.co.kr/product/리얼-퍼퓸-바디로션-다마스크-로즈-500ml/129/category/90/display/1/index.html]
[mydahlia.co.kr/product/리얼-퍼퓸-바디워시-베리-릴리-1000ml/128/category/90/display/1/index.html]
[mydahlia.co.kr/category/shop/90/index4658.html]
[mydahlia.co.kr/category/shop/90/index2679.html]
[mydahlia.co.kr/category/shop/90/index9ba9.html]
[mydahlia.co.kr/category/shop/90/indexaf4d.html]
[mydahlia.co.kr/member/login23e4.html]
[mydahlia.co.kr/member/login5c33.html]
[mydahlia.co.kr/myshop/addr/list.html]
[mydahlia.co.kr/myshop/index.html]
[mydahlia.co.kr/member/login0df9.html]
[mydahlia.co.kr/ind-script/optimizerec96.css]
[img.echosting.cafe24.com/design/skin/default/member/ico_access.gif]
[mydahlia.co.kr/member/login4a56.html]
[mydahlia.co.kr/member/id/find_id.html]
[img.echosting.cafe24.com/skin/base_ko_KR/member/btn_naver_login.gif]
[img.echosting.cafe24.com/skin/base_ko_KR/member/btn_facebook_login.gif]
[mydahlia.co.kr/member/passwd/find_passwd_info.html]
[img.echosting.cafe24.com/skin/base_ko_KR/member/btn_google_login.gif]
[img.echosting.cafe24.com/skin/base_ko_KR/member/btn_kakao_login.gif]
[img.echosting.cafe24.com/skin/base_ko_KR/member/btn_line_login.gif]
[img.echosting.cafe24.com/skin/base_ko_KR/member/btn_apple_login.gif]
[login2.cafe24ssl.com/crypt/AuthSSLManager.js]
[login2.cafe24ssl.com/crypt/AuthSSLManager.plugin.js]
[mydahlia.co.kr/member/login.html]
[img.echosting.cafe24.com/skin/base/common/ico_required_blue.gif]
[img.echosting.cafe24.com/skin/base/common/btn_icon_ipin.gif]
[img.echosting.cafe24.com/skin/base/common/btn_icon_mobile.gif]
[img.echosting.cafe24.com/skin/base/common/btn_close_tip.gif]
[mydahlia.co.kr/member/join.html]
[mydahlia.co.kr/ind-script/optimizer18e3.css]
[mydahlia.co.kr/member/loginfaab.html]
[mydahlia.co.kr/product/search.html]
[mydahlia.co.kr/ind-script/optimizerc069.css]
[mydahlia.co.kr/order/basket.html]
[mydahlia.co.kr/web/product/medium/202103/aa98a76556ff324eea9f17ba44a06e9c.png]
[mydahlia.co.kr/web/product/medium/202103/f2a19253ec31d599df8ac01be023a41d.png]
[mydahlia.co.kr/product/패브릭-퍼퓸-오렌지피버-100ml/97/category/93/display/1/index.html]
[mydahlia.co.kr/web/product/medium/202103/cdaf30a748a79b2cf7f7d156b52aa491.png]
[mydahlia.co.kr/product/패브릭-퍼퓸-애플블라썸-100ml/71/category/93/display/1/index.html]
[mydahlia.co.kr/product/패브릭-퍼퓸-그레이프프룻-100ml/69/category/93/display/1/index.html]
[mydahlia.co.kr/web/product/medium/202103/5fee192858df5f46a576c7b17170f5d9.png]
[mydahlia.co.kr/product/패브릭-퍼퓸-블랙체리-100ml/68/category/93/display/1/index.html]
[mydahlia.co.kr/web/product/medium/202103/ba288b1940dab12f4b3ba16c549898fc.png]
[mydahlia.co.kr/product/패브릭-퍼퓸-플럼-100ml/67/category/93/display/1/index.html]
[mydahlia.co.kr/web/product/medium/202103/6b2ed8445b8c4812943481ad3f8df46d.png]
[mydahlia.co.kr/product/패브릭-퍼퓸-그린그레이프-100ml/66/category/93/display/1/index.html]
[mydahlia.co.kr/product/searchb8ec.html]
[mydahlia.co.kr/product/search7e7b.html]
[mydahlia.co.kr/product/search44df.html]
[mydahlia.co.kr/product/search49be.html]
[mydahlia.co.kr/product/메이크업-딥-클린-스틱-20g/144/category/90/display/1/index.html]
[mydahlia.co.kr/product/비타-워시-오프-밤-스틱-20g/143/category/90/display/1/index.html]
[mydahlia.co.kr/web/upload/weskin32/kr/main/main_14.jpg]
[mydahlia.co.kr/web/upload/weskin32/kr/main/main_12.jpg]
[mydahlia.co.kr/product/딥-클리어링-머드-스틱-20g/137/category/90/display/1/index.html]
[mydahlia.co.kr/product/밤-블랙헤드-스틱-20g/123/category/90/display/1/index.html]
[mydahlia.co.kr/web/upload/weskin32/kr/main/main_7-1.jpg]
[mydahlia.co.kr/product/더-비타-멀티밤-10g/131/category/90/display/1/index.html]
[mydahlia.co.kr/category/포켓퍼퓸/83/index.html]
[mydahlia.co.kr/category/전제품/26/_.html]
[mydahlia.co.kr/product/메이크업-딥-클린-스틱-20g/144/category/1/display/4/index.html]
[mydahlia.co.kr/product/비타-워시-오프-밤-스틱-20g/143/category/1/display/4/index.html]
[mydahlia.co.kr/product/딥-클리어링-머드-스틱-20g/137/category/1/display/4/index.html]
[mydahlia.co.kr/product/밤-블랙헤드-스틱-20g/123/category/1/display/4/index.html]
[mydahlia.co.kr/product/더-비타-멀티밤-10g/131/category/1/display/4/index.html]
[mydahlia.co.kr/product/리얼-퍼퓸-샴푸-다마스크-로즈-1000ml/125/category/1/display/4/index.html]
[mydahlia.co.kr/product/리얼-퍼퓸-바디워시-베리-릴리-1000ml/128/category/1/display/4/index.html]
[mydahlia.co.kr/web/product/medium/202105/9a3b903e1ed534c10edf9b10494b737c.png]
[mydahlia.co.kr/product/리얼-퍼퓸-바디로션-다마스크-로즈-500ml/129/category/1/display/4/index.html]
[mydahlia.co.kr/product/카밍-리페어-시카-스틱-20g/145/category/1/display/4/index.html]
[mydahlia.co.kr/board/product/list.html]
[mydahlia.co.kr/ind-script/optimizer7752.css]
[mydahlia.co.kr/board/index.html]
[mydahlia.co.kr/web/upload/weskin32/kr/layout/gallery.png]
[mydahlia.co.kr/board/review/list4878.html]
[mydahlia.co.kr/web/upload/weskin32/kr/layout/list_off.png]
[mydahlia.co.kr/board/review/list24878.html]
[mydahlia.co.kr/board/review/list7935.html]
[mydahlia.co.kr/board/review/listb5cb.html]
[mydahlia.co.kr/board/review/liste5b3.html]
[mydahlia.co.kr/board/review/list3a83.html]
[mydahlia.co.kr/board/review/list2c85.html]
[mydahlia.co.kr/board/review/list13a7.html]
[mydahlia.co.kr/board/review/listc6f5.html]
[mydahlia.co.kr/board/review/listfec3.html]
[mydahlia.co.kr/board/review/list.html]
[mydahlia.co.kr/category/sale/28/index.html]
[mydahlia.co.kr/product/메이크업-딥-클린-스틱-20g/144/category/1/display/6/index.html]
[mydahlia.co.kr/product/비타-워시-오프-밤-스틱-20g/143/category/1/display/6/index.html]
[mydahlia.co.kr/product/딥-클리어링-머드-스틱-20g/137/category/1/display/6/index.html]
[mydahlia.co.kr/product/밤-블랙헤드-스틱-20g/123/category/1/display/6/index.html]
[mydahlia.co.kr/product/카밍-리페어-시카-스틱-20g/145/category/1/display/6/index.html]
[mydahlia.co.kr/product/리얼-퍼퓸-샴푸-다마스크-로즈-1000ml/125/category/1/display/7/index.html]
[mydahlia.co.kr/product/리얼-퍼퓸-바디워시-베리-릴리-1000ml/128/category/1/display/7/index.html]
[mydahlia.co.kr/product/리얼-퍼퓸-바디로션-베리-릴리-500ml/130/category/1/display/7/index.html]
[mydahlia.co.kr/board/review/list4de6.html]
[mydahlia.co.kr/board/review/liste11b.html]
[mydahlia.co.kr/ind-script/optimizer28d4.css]
[mydahlia.co.kr/web/product/tiny/202111/a118ed20f342904c85525d347eb799eb.jpg]
[img.echosting.cafe24.com/thumb/75x75.gif]
[img.echosting.cafe24.com/skin/base/common/btn_icon_recommend.gif]
[mydahlia.co.kr/product/밤-블랙헤드-스틱-20g/123/index.html]
[mydahlia.co.kr/web/upload/icon_201703041844504500.png]
[mydahlia.co.kr/board/product/modify3e1d.html]
[mydahlia.co.kr/web/upload/icon_201703041844472900.png]
[mydahlia.co.kr/board/review/reade002.html]
[mydahlia.co.kr/article/상품-사용후기/4/$3/index.html]
[mydahlia.co.kr/article/상품-사용후기/4/21061/index.html]
[mydahlia.co.kr/article/상품-사용후기/4/21062/index.html]
[mydahlia.co.kr/board/review/read5b3c.html]
[mydahlia.co.kr/board/product/modify9f56.html]
[mydahlia.co.kr/article/상품-사용후기/4/21060/index.html]
[mydahlia.co.kr/article/상품-사용후기/4/21058/index.html]
[mydahlia.co.kr/board/review/read939d.html]
[mydahlia.co.kr/article/상품-사용후기/4/21057/index.html]
[mydahlia.co.kr/board/review/reada2cb.html]
[mydahlia.co.kr/board/product/modifyf4a7.html]
[mydahlia.co.kr/board/review/read1ae2.html]
[mydahlia.co.kr/board/product/modify786c.html]
[mydahlia.co.kr/board/review/read78e2.html]
[mydahlia.co.kr/board/product/modifyb7f5.html]
[mydahlia.co.kr/board/review/readea77.html]
[mydahlia.co.kr/web/product/tiny/201907/b66b178678bd5788798b1dcce1f9536d.jpg]
[mydahlia.co.kr/article/상품-사용후기/4/21055/index.html]
[mydahlia.co.kr/board/product/modify893f.html]
[mydahlia.co.kr/article/상품-사용후기/4/21054/index.html]
[mydahlia.co.kr/board/review/read8e4c.html]
[mydahlia.co.kr/board/product/modifyadfc.html]
[mydahlia.co.kr/product/바디미스트-퓨어-피버-100ml/87/index.html]
[mydahlia.co.kr/article/상품-사용후기/4/21053/index.html]
[mydahlia.co.kr/ind-script/optimizer2afa.css]
[mydahlia.co.kr/member/agreement.html]
[mydahlia.co.kr/article/상품-사용후기/4/18373/index.html]
[mydahlia.co.kr/article/상품-사용후기/4/15436/index.html]
[mydahlia.co.kr/shopinfo/guide.html]
[mydahlia.co.kr/article/상품-사용후기/4/15334/index.html]
[mydahlia.co.kr/c.d8.delayed]
[mydahlia.co.kr/article/상품-사용후기/4/15301/index.html]
[mydahlia.co.kr/b]
[mydahlia.co.kr/member/privacy.html]
[mydahlia.co.kr/POST]
[connect.facebook.net/en_US/fbevents.js]
[mydahlia.co.kr/ind-script/i18nd8b7.js]
[mydahlia.co.kr/ind-script/optimizer6723.css]
[mydahlia.co.kr/product/add_basket.html]
[mydahlia.co.kr/product/basket_option.html]
[mydahlia.co.kr/order/basket6774.html]
[cdn.jsdelivr.net/npm/xeicon@2.3.3/fonts/xeicon75d5.svg]
[mydahlia.co.kr/Version/index.html]
[mydahlia.co.kr/version/index-2.html]
[mydahlia.co.kr/_wg/img/_arrow/arrow_menu.html]
[mydahlia.co.kr/ind-script/optimizer2260.css]
[mydahlia.co.kr/ind-script/optimizer1f5e.css]
[img.echosting.cafe24.com/skin/base_ko_KR/product/bg_sub_category_line.gif]
[img.echosting.cafe24.com/skin/base_ko_KR/product/bg_result_type.gif]
[mydahlia.co.kr/ind-script/optimizerf4ce.css]
[mydahlia.co.kr/category/블랙헤드스틱/84/index.html]
[mydahlia.co.kr/category/멀티밤/108/index.html]
[mydahlia.co.kr/category/머드스틱/112/index.html]
[mydahlia.co.kr/category/풋스틱/114/index.html]
[mydahlia.co.kr/category/비타스틱/116/index.html]
[mydahlia.co.kr/category/클린스틱/118/index.html]
[mydahlia.co.kr/category/시카스틱/120/index.html]
[mydahlia.co.kr/shopinfo/contact.html]
[mydahlia.co.kr/web/product/medium/201907/0a419667b26f4b401205ade8372dc552.jpg]
[mydahlia.co.kr/web/product/medium/201907/51edbbc55a01fccfad2575aac75c810a.jpg]
[mydahlia.co.kr/category/stick/88/index.html]
[mydahlia.co.kr/web/product/medium/201907/618052ef33cf78cecc63aaafc3b7f72f.jpg]
[mydahlia.co.kr/category/hairbody/87/index224e.html]
[mydahlia.co.kr/category/hairbody/87/index6bb5.html]
[mydahlia.co.kr/web/product/medium/201907/fc2f998faa2d91b89815961d36116f51.jpg]
[mydahlia.co.kr/web/product/medium/201907/15f46f535d40080f01842d6f5c95f90d.jpg]
[mydahlia.co.kr/category/hairbody/87/index.html]
[mydahlia.co.kr/category/바디미스트/63/index.html]
[mydahlia.co.kr/category/샴푸/99/index.html]
[mydahlia.co.kr/category/바디워시/100/index.html]
[mydahlia.co.kr/category/바디로션/102/index.html]
[mydahlia.co.kr/category/hairbody/87/index6bb4.html]
[mydahlia.co.kr/product/리얼-퍼퓸-샴푸-베리-릴리-1000ml/127/category/87/display/1/index.html]
[mydahlia.co.kr/product/리얼-퍼퓸-바디워시-베리-릴리-1000ml/128/category/87/display/1/index.html]
[mydahlia.co.kr/web/product/medium/202104/eeca1ed1471e8106f72fb3829f50ee13.jpg]
[mydahlia.co.kr/web/product/medium/202104/ce69864b894a48a59168ebfadf931484.jpg]
[mydahlia.co.kr/product/리얼-퍼퓸-바디로션-다마스크-로즈-500ml/129/category/87/display/1/index.html]
[mydahlia.co.kr/product/리얼-퍼퓸-바디로션-베리-릴리-500ml/130/category/87/display/1/index.html]
[mydahlia.co.kr/web/product/medium/201907/de86de90a9b618fdb7ffaa28729e3c65.png]
[mydahlia.co.kr/product/바디미스트-스위트-피오니-100ml/89/category/87/display/1/index.html]
[mydahlia.co.kr/product/바디미스트-어반-페어-100ml/88/category/87/display/1/index.html]
[mydahlia.co.kr/web/product/medium/202104/3b97b7629a4cb7e7a790df945e700295.jpg]
[mydahlia.co.kr/product/바디미스트-퓨어-피버-100ml/87/category/87/display/1/index.html]
[mydahlia.co.kr/web/product/medium/202104/380ed4a1a8626257d2cb43a7b7dc9159.jpg]
[mydahlia.co.kr/product/바디미스트-러블리-자스민-100ml/86/category/87/display/1/index.html]
[mydahlia.co.kr/web/product/medium/201907/03c6504f8d10d6b007fffd88cd5ebf01.png]
[mydahlia.co.kr/product/바디미스트-소프트-코튼-100ml/85/category/87/display/1/index.html]
[mydahlia.co.kr/web/product/medium/201907/5d68c409607222d1c1b37fd6ad17cd37.png]
[mydahlia.co.kr/category/hairbody/87/index2679.html]
[mydahlia.co.kr/web/product/medium/202104/486de71df7123f409b3f0c7e68e51199.jpg]
[mydahlia.co.kr/web/product/medium/201907/4d3d1d427daad0e05a3bab5104ddeb19.png]
[mydahlia.co.kr/category/fragrance/93/index.html]
[mydahlia.co.kr/category/fragrance/93/indexefbe.html]
[mydahlia.co.kr/category/향수/94/index.html]
[mydahlia.co.kr/category/패브릭퍼퓸/74/index.html]
[mydahlia.co.kr/category/디퓨저/64/index.html]
[mydahlia.co.kr/category/fragrance/93/index9599.html]
[mydahlia.co.kr/category/fragrance/93/index556c.html]
[mydahlia.co.kr/web/product/medium/202110/4a181ff84e2a14b747c1c8667fe5fc33.jpg]
[mydahlia.co.kr/category/fragrance/93/index30e1.html]
[mydahlia.co.kr/product/향수-edp-걸리쉬-50ml/29/category/93/display/1/index.html]
[mydahlia.co.kr/web/product/medium/202107/f22db794662564a07a3e1ea3c22d2775.jpg]
[mydahlia.co.kr/product/향수-edp-그린그레이프-50ml/32/category/93/display/1/index.html]
[mydahlia.co.kr/category/shop/90/index74dd.html]
[mydahlia.co.kr/product/향수-edp-라즈베리-50ml/24/category/93/display/1/index.html]
[mydahlia.co.kr/product/향수-edp-피버-50ml/30/category/93/display/1/index.html]
[mydahlia.co.kr/product/향수-edp-티아라-50ml/31/category/93/display/1/index.html]
[mydahlia.co.kr/web/product/medium/20200611/351117bdf10f1c0d1c297e126e1b1166.jpg]
[mydahlia.co.kr/product/향수-edp-스트로베리-50ml/33/category/93/display/1/index.html]
[mydahlia.co.kr/product/향수-edp-매그놀리아-50ml/44/category/93/display/1/index.html]
[mydahlia.co.kr/web/product/medium/201907/5592698d4248976e103969256502f41b.jpg]
[mydahlia.co.kr/web/product/medium/20191205/3a11aba6cc0464788e55700be77f349d.png]
[mydahlia.co.kr/product/향수-edp-플럼-50ml/70/category/93/display/1/index.html]
[mydahlia.co.kr/web/product/medium/201907/abd85259d2ff4524440ae77403e23c45.jpg]
[mydahlia.co.kr/category/fragrance/93/index2679.html]
[mydahlia.co.kr/web/product/medium/201907/017fa4928b08aa88188944300b273feb.jpg]
[mydahlia.co.kr/web/product/medium/202104/84b2a43276862cf500f1c329e8849ed4.jpg]
[mydahlia.co.kr/category/shop/90/indexdb38.html]
[mydahlia.co.kr/category/fragrance/93/index9ba9.html]
[mydahlia.co.kr/product/포켓퍼퓸-베리-릴리-18ml/141/category/90/display/1/index.html]
[mydahlia.co.kr/web/product/medium/202110/82c04009c34f92bd16f3da1af1bdf7fa.jpg]
[mydahlia.co.kr/product/포켓퍼퓸-다마스크-로즈-18ml/140/category/90/display/1/index.html]
[mydahlia.co.kr/product/리얼-퍼퓸-바디로션-베리-릴리-500ml/130/category/90/display/1/index.html]
[mydahlia.co.kr/category/shop/90/indexe990.html]
[mydahlia.co.kr/category/shop/90/indexa4ed.html]
[mydahlia.co.kr/web/product/medium/202110/5fa8664b12beb3e904df7d44f7cdcb45.jpg]
[mydahlia.co.kr/category/shop/90/index5bd9.html]
[mydahlia.co.kr/web/product/medium/202110/2eaab329e5840e0a2a59e5f6f9c8c41d.jpg]
[mydahlia.co.kr/category/shop/90/index297d.html]
[mydahlia.co.kr/product/내츄럴-홈-디퓨저-그레이프프룻-150ml/106/category/90/display/1/index.html]
[mydahlia.co.kr/category/shop/90/index7677.html]
[mydahlia.co.kr/product/내츄럴-홈-디퓨저-라벤더-150ml/92/category/90/display/1/index.html]
[mydahlia.co.kr/product/내츄럴-홈-디퓨저-그린그레이프-150ml/72/category/90/display/1/index.html]
[mydahlia.co.kr/category/shop/90/indexb860.html]
[mydahlia.co.kr/product/내츄럴-홈-디퓨저-라즈베리-150ml/74/category/90/display/1/index.html]
[mydahlia.co.kr/product/내츄럴-홈-디퓨저-피치-150ml/73/category/90/display/1/index.html]
[mydahlia.co.kr/product/카밍-리페어-시카-스틱-20g/145/category/90/display/1/index.html]
[mydahlia.co.kr/category/shop/90/indexe689.html]
[mydahlia.co.kr/product/베리어-앤-모이스처-풋-스틱/139/category/90/display/1/index.html]
[mydahlia.co.kr/product/내츄럴-홈-디퓨저-코튼-150ml/93/category/90/display/1/index.html]
[mydahlia.co.kr/category/shop/90/index16e5.html]
[mydahlia.co.kr/product/리얼-퍼퓸-샴푸-베리-릴리-1000ml/127/category/90/display/1/index.html]
[mydahlia.co.kr/category/shop/90/index89dd.html]
[mydahlia.co.kr/category/shop/90/index1839.html]
[mydahlia.co.kr/product/리얼-퍼퓸-바디워시-다마스크-로즈-1000ml/126/category/90/display/1/index.html]
[mydahlia.co.kr/category/shop/90/index61a9.html]
[mydahlia.co.kr/product/리얼-퍼퓸-바디워시-베리-릴리-1000ml/128/category/90/display/1/index.html]
[mydahlia.co.kr/product/리얼-퍼퓸-바디로션-다마스크-로즈-500ml/129/category/90/display/1/index.html]
[mydahlia.co.kr/product/포켓퍼퓸-나이트-아쿠아-18ml/96/category/90/display/1/index.html]
[mydahlia.co.kr/category/shop/90/index2679.html]
[mydahlia.co.kr/product/포켓퍼퓸-프루티-솝-18ml/95/category/90/display/1/index.html]
[mydahlia.co.kr/product/패브릭-퍼퓸-오렌지피버-100ml/97/category/90/display/1/index.html]
[mydahlia.co.kr/category/shop/90/index4658.html]
[mydahlia.co.kr/product/바디미스트-스위트-피오니-100ml/89/category/90/display/1/index.html]
[mydahlia.co.kr/product/바디미스트-어반-페어-100ml/88/category/90/display/1/index.html]
[mydahlia.co.kr/product/바디미스트-퓨어-피버-100ml/87/category/90/display/1/index.html]
[mydahlia.co.kr/category/shop/90/index9ba9.html]
[mydahlia.co.kr/category/shop/90/index7f0e.html]
[mydahlia.co.kr/category/shop/90/indexaf4d.html]
[mydahlia.co.kr/category/shop/90/index7111.html]
[mydahlia.co.kr/category/shop/90/indexb1c5.html]
[mydahlia.co.kr/category/shop/90/index160a.html]
[mydahlia.co.kr/ind-script/optimizerc58b.php]
[mydahlia.co.kr/product/compare.html]
[mydahlia.co.kr/category/shop/90/index943a.html]
[img.echosting.cafe24.com/skin/base/myshop/sfix_icon_shopMain.png]
[mydahlia.co.kr/category/shop/90/indexd009.html]
[mydahlia.co.kr/ind-script/optimizerdeb7.css]
[mydahlia.co.kr/category/shop/90/indexe4c1.html]
[mydahlia.co.kr/product/향수-edp-그린그레이프-50ml/32/category/90/display/1/index.html]
[mydahlia.co.kr/product/향수-edp-피버-50ml/30/category/90/display/1/index.html]
[mydahlia.co.kr/member/myshop/mileage/historyList.fe.delayed]
[mydahlia.co.kr/product/향수-edp-스트로베리-50ml/33/category/90/display/1/index.html]
[mydahlia.co.kr/member/login894b.html]
[mydahlia.co.kr/product/향수-edp-매그놀리아-50ml/44/category/90/display/1/index.html]
[mydahlia.co.kr/product/향수-edp-라즈베리-50ml/24/category/90/display/1/index.html]
[mydahlia.co.kr/product/향수-edp-코튼블라썸-50ml/48/category/90/display/1/index.html]
[mydahlia.co.kr/product/향수-edp-플럼-50ml/70/category/90/display/1/index.html]
[mydahlia.co.kr/member/myshop/deposits/historyList.ff.delayed]
[mydahlia.co.kr/category/shop/90/index4667.html]
[mydahlia.co.kr/member/login8fe2.html]
[mydahlia.co.kr/category/shop/90/indexb286.html]
[mydahlia.co.kr/category/shop/90/index2782.html]
[mydahlia.co.kr/category/shop/90/indexb2f2.html]
[mydahlia.co.kr/member/login6e73.html]
[mydahlia.co.kr/product/리얼-퍼퓸-샴푸-다마스크-로즈-1000ml/125/category/90/display/1/index.html]
[mydahlia.co.kr/product/패브릭-퍼퓸-그린그레이프-100ml/66/category/90/display/1/index.html]
[mydahlia.co.kr/ind-script/optimizerba3c.css]
[mydahlia.co.kr/product/패브릭-퍼퓸-블랙체리-100ml/68/category/90/display/1/index.html]
[mydahlia.co.kr/product/패브릭-퍼퓸-그레이프프룻-100ml/69/category/90/display/1/index.html]
[mydahlia.co.kr/myshop/coupon/coupon.html]
[mydahlia.co.kr/product/패브릭-퍼퓸-애플블라썸-100ml/71/category/90/display/1/index.html]
[mydahlia.co.kr/member/loginb5f1.html]
[mydahlia.co.kr/category/shop/90/indexfdb0.html]
[mydahlia.co.kr/myshop/coupon/coupon2679.html]
[mydahlia.co.kr/member/login23e4.html]
[mydahlia.co.kr/member/login5c33.html]
[mydahlia.co.kr/member/loginf84b.html]
[mydahlia.co.kr/member/loginb2b0.html]
[mydahlia.co.kr/board/consult/list.html]
[mydahlia.co.kr/member/loginae73.html]
[mydahlia.co.kr/myshop/board_list.html]
[mydahlia.co.kr/myshop/addr/list.html]
[mydahlia.co.kr/member/login0df9.html]
[mydahlia.co.kr/member/myshop/index.107.delayed]
[mydahlia.co.kr/member/login4a56.html]
[mydahlia.co.kr/ind-script/optimizerec96.css]
[mydahlia.co.kr/ind-script/optimizerff8c.css]
[mydahlia.co.kr/member/id/find_id.html]
[mydahlia.co.kr/ind-script/optimizer9a64.css]
[mydahlia.co.kr/member/passwd/find_passwd_info.html]
[mydahlia.co.kr/ind-script/optimizerf097.php]
[mydahlia.co.kr/member/myshop/order/list.10a.delayed]
[mydahlia.co.kr/member/loginfaab.html]
[mydahlia.co.kr/ind-script/optimizer9791.css]
[img.echosting.cafe24.com/skin/base_ko_KR/order/img_order_step1.gif]
[mydahlia.co.kr/protected/loginSns4e4b.html]
[mydahlia.co.kr/order/basket.html]
[mydahlia.co.kr/ind-script/optimizer6095.css]
[mydahlia.co.kr/order/baskete48c.html]
[mydahlia.co.kr/product/search.html]
[mydahlia.co.kr/ind-script/optimizer18e3.css]
[mydahlia.co.kr/ind-script/optimizerc069.css]
[mydahlia.co.kr/product/패브릭-퍼퓸-오렌지피버-100ml/97/category/93/display/1/index.html]
[mydahlia.co.kr/product/패브릭-퍼퓸-애플블라썸-100ml/71/category/93/display/1/index.html]
[mydahlia.co.kr/product/패브릭-퍼퓸-그레이프프룻-100ml/69/category/93/display/1/index.html]
[mydahlia.co.kr/product/패브릭-퍼퓸-블랙체리-100ml/68/category/93/display/1/index.html]
[mydahlia.co.kr/product/패브릭-퍼퓸-플럼-100ml/67/category/93/display/1/index.html]
[mydahlia.co.kr/product/패브릭-퍼퓸-그린그레이프-100ml/66/category/93/display/1/index.html]
[mydahlia.co.kr/product/search7e7b.html]
[mydahlia.co.kr/web/product/medium/202103/aa98a76556ff324eea9f17ba44a06e9c.png]
[mydahlia.co.kr/web/product/medium/202103/6b2ed8445b8c4812943481ad3f8df46d.png]
[mydahlia.co.kr/web/upload/weskin32/kr/main/main_10-1.jpg]
[img.echosting.cafe24.com/skin/base/board/btn_unfold.gif]
[mydahlia.co.kr/board/$1/$2/index.html]
[mydahlia.co.kr/web/product/tiny/201907/239aa7566c684b64204799649e477554.jpg]
[mydahlia.co.kr/product/바디미스트-그린그레이프-100ml/83/index.html]
[mydahlia.co.kr/web/product/tiny/202110/203260ee59df82bd12f5960693a8a34a.jpg]
[mydahlia.co.kr/article/상품-사용후기/4/21052/index.html]
[mydahlia.co.kr/article/상품-사용후기/4/21051/index.html]
[mydahlia.co.kr/board/product/list7935.html]
[mydahlia.co.kr/product/딥-클리어링-머드-스틱-20g/137/index.html]
[mydahlia.co.kr/board/product/listb5cb.html]
[mydahlia.co.kr/article/상품-사용후기/4/21050/index.html]
[mydahlia.co.kr/article/상품-사용후기/4/21049/index.html]
[mydahlia.co.kr/board/product/liste5b3.html]
[mydahlia.co.kr/product/비타-워시-오프-밤-스틱-20g/143/index.html]
[mydahlia.co.kr/article/상품-사용후기/4/21048/index.html]
[mydahlia.co.kr/article/상품-사용후기/4/21047/index.html]
[mydahlia.co.kr/board/product/list2c85.html]
[mydahlia.co.kr/board/product/list13a7.html]
[mydahlia.co.kr/board/product/listc6f5.html]
[mydahlia.co.kr/board/product/list.html]
[img.echosting.cafe24.com/skin/base/layout/ico_heading.gif]
[mydahlia.co.kr/board/product/list4de6.html]
[img.echosting.cafe24.com/skin/base/common/ico_bar.gif]
[mydahlia.co.kr/web/upload/weskin32/kr/main/logo.png]
[img.echosting.cafe24.com/skin/base/common/ico_triangle3.gif]
[mydahlia.co.kr/ind-script/optimizer7752.css]
[mydahlia.co.kr/board/free/list1da0.html]
[mydahlia.co.kr/article/공지사항/1/20723/index.html]
[mydahlia.co.kr/file_data/jin6456508/gallery/2021/07/06/bc08ca39d5c068877809c913544ddf4a.128.delayed]
[mydahlia.co.kr/board/product/listf946.html]
[mydahlia.co.kr/file_data/jin6456508/gallery/2021/05/27/d6cd0c527fdf5c0817a83d73b6a68973.jpg]
[mydahlia.co.kr/file_data/jin6456508/gallery/2021/04/19/8b9fdece3b59c43ad4d2ee67b0427705.jpg]
[mydahlia.co.kr/article/이벤트/8/17870/index.html]
[mydahlia.co.kr/board/index.html]
[mydahlia.co.kr/board/gallery/list2f30.html]
[mydahlia.co.kr/board/review/list4878.html]
[mydahlia.co.kr/web/upload/weskin32/kr/layout/gallery_off.png]
[mydahlia.co.kr/web/upload/weskin32/kr/layout/list.png]
[mydahlia.co.kr/board/review/read88de.html]
[mydahlia.co.kr/board/review/read9fec.html]
[mydahlia.co.kr/board/review/read1abe.html]
[mydahlia.co.kr/board/review/read2f01.html]
[mydahlia.co.kr/board/review/readdaba.html]
[mydahlia.co.kr/board/review/readbafd.html]
[mydahlia.co.kr/board/review/read14d1.html]
[mydahlia.co.kr/board/review/list27935.html]
[mydahlia.co.kr/board/review/list2e5b3.html]
[mydahlia.co.kr/board/review/list22c85.html]
[mydahlia.co.kr/board/review/list213a7.html]
[mydahlia.co.kr/board/review/list2c6f5.html]
[mydahlia.co.kr/board/review/list2fec3.html]
[mydahlia.co.kr/board/review/list24de6.html]
[mydahlia.co.kr/board/review/list24878.html]
[mydahlia.co.kr/board/review/list2e11b.html]
[mydahlia.co.kr/board/review/write4878.html]
[mydahlia.co.kr/member/login7b33.html]
[mydahlia.co.kr/board/review/read16ca.html]
[mydahlia.co.kr/board/review/readcd04.html]
[mydahlia.co.kr/board/review/read75be.html]
[mydahlia.co.kr/board/review/read2818.html]
[mydahlia.co.kr/board/review/readbfef.html]
[mydahlia.co.kr/board/review/list7935.html]
[mydahlia.co.kr/board/review/listb5cb.html]
[mydahlia.co.kr/board/review/liste5b3.html]
[mydahlia.co.kr/board/review/readf066.html]
[mydahlia.co.kr/board/review/list3a83.html]
[mydahlia.co.kr/board/review/list2c85.html]
[mydahlia.co.kr/board/review/list13a7.html]
[mydahlia.co.kr/board/review/listc6f5.html]
[mydahlia.co.kr/board/review/listfec3.html]
[mydahlia.co.kr/board/review/list4de6.html]
[mydahlia.co.kr/board/review/liste11b.html]
[mydahlia.co.kr/board/product/read.html]
[mydahlia.co.kr/ind-script/optimizer28d4.css]
[mydahlia.co.kr/product/밤-블랙헤드-스틱-20g/123/index.html]
[mydahlia.co.kr/board/product/modify3e1d.html]
[mydahlia.co.kr/board/product/reply.html]
[mydahlia.co.kr/article/상품-사용후기/4/$3/index.html]
[mydahlia.co.kr/article/상품-사용후기/4/21061/index.html]
[mydahlia.co.kr/article/상품-사용후기/4/21062/index.html]
[mydahlia.co.kr/article/상품-사용후기/4/21060/index.html]
[mydahlia.co.kr/article/상품-사용후기/4/21058/index.html]
[mydahlia.co.kr/article/상품-사용후기/4/21057/index.html]
[mydahlia.co.kr/board/product/modify9f56.html]
[mydahlia.co.kr/board/product/modifyf4a7.html]
[mydahlia.co.kr/board/product/modify786c.html]
[mydahlia.co.kr/board/product/modifyb7f5.html]
[mydahlia.co.kr/article/상품-사용후기/4/21055/index.html]
[mydahlia.co.kr/board/product/modify893f.html]
[mydahlia.co.kr/article/상품-사용후기/4/21054/index.html]
[mydahlia.co.kr/product/바디미스트-퓨어-피버-100ml/87/index.html]
[mydahlia.co.kr/board/review/read89db.html]
[mydahlia.co.kr/board/product/modifyadfc.html]
[mydahlia.co.kr/article/상품-사용후기/4/21053/index.html]
[mydahlia.co.kr/article/상품-사용후기/4/18373/index.html]
[mydahlia.co.kr/article/상품-사용후기/4/15436/index.html]
[mydahlia.co.kr/article/상품-사용후기/4/15334/index.html]
[mydahlia.co.kr/article/상품-사용후기/4/15301/index.html]
[mydahlia.co.kr/ind-script/optimizer2afa.css]
[mydahlia.co.kr/member/privacy.html]
[mydahlia.co.kr/c.html]
[mydahlia.co.kr/b.html]
[mydahlia.co.kr/POST.html]
[mydahlia.co.kr/ind-script/optimizer6723.css]
[mydahlia.co.kr/order/basket6774.html]
[mydahlia.co.kr/shopinfo/contact.html]
[mydahlia.co.kr/category/stick/88/index.html]
[mydahlia.co.kr/category/hairbody/87/index224e.html]
[mydahlia.co.kr/category/hairbody/87/index6bb5.html]
[mydahlia.co.kr/category/hairbody/87/index6bb4.html]
[mydahlia.co.kr/product/리얼-퍼퓸-샴푸-베리-릴리-1000ml/127/category/87/display/1/index.html]
[mydahlia.co.kr/product/리얼-퍼퓸-바디워시-베리-릴리-1000ml/128/category/87/display/1/index.html]
[mydahlia.co.kr/product/리얼-퍼퓸-바디로션-다마스크-로즈-500ml/129/category/87/display/1/index.html]
[mydahlia.co.kr/product/리얼-퍼퓸-바디로션-베리-릴리-500ml/130/category/87/display/1/index.html]
[mydahlia.co.kr/product/바디미스트-스위트-피오니-100ml/89/category/87/display/1/index.html]
[mydahlia.co.kr/product/바디미스트-어반-페어-100ml/88/category/87/display/1/index.html]
[mydahlia.co.kr/product/바디미스트-퓨어-피버-100ml/87/category/87/display/1/index.html]
[mydahlia.co.kr/product/바디미스트-러블리-자스민-100ml/86/category/87/display/1/index.html]
[mydahlia.co.kr/product/바디미스트-소프트-코튼-100ml/85/category/87/display/1/index.html]
[mydahlia.co.kr/category/hairbody/87/index2679.html]
[mydahlia.co.kr/category/fragrance/93/indexefbe.html]
[mydahlia.co.kr/category/fragrance/93/index556c.html]
[mydahlia.co.kr/category/fragrance/93/index9599.html]
[mydahlia.co.kr/category/fragrance/93/index30e1.html]
[mydahlia.co.kr/product/향수-edp-걸리쉬-50ml/29/category/93/display/1/index.html]
[mydahlia.co.kr/product/향수-edp-그린그레이프-50ml/32/category/93/display/1/index.html]
[mydahlia.co.kr/product/향수-edp-라즈베리-50ml/24/category/93/display/1/index.html]
[mydahlia.co.kr/product/향수-edp-피버-50ml/30/category/93/display/1/index.html]
[mydahlia.co.kr/product/향수-edp-티아라-50ml/31/category/93/display/1/index.html]
[mydahlia.co.kr/product/향수-edp-스트로베리-50ml/33/category/93/display/1/index.html]
[mydahlia.co.kr/product/향수-edp-매그놀리아-50ml/44/category/93/display/1/index.html]
[mydahlia.co.kr/product/향수-edp-플럼-50ml/70/category/93/display/1/index.html]
[mydahlia.co.kr/category/fragrance/93/index2679.html]
[mydahlia.co.kr/category/fragrance/93/index9ba9.html]
[mydahlia.co.kr/product/포켓퍼퓸-베리-릴리-18ml/141/category/90/display/1/index.html]
[mydahlia.co.kr/product/포켓퍼퓸-다마스크-로즈-18ml/140/category/90/display/1/index.html]
[mydahlia.co.kr/product/리얼-퍼퓸-바디로션-베리-릴리-500ml/130/category/90/display/1/index.html]
[mydahlia.co.kr/category/shop/90/indexe990.html]
[mydahlia.co.kr/category/shop/90/indexa4ed.html]
[mydahlia.co.kr/category/shop/90/index5bd9.html]
[mydahlia.co.kr/product/내츄럴-홈-디퓨저-그레이프프룻-150ml/106/category/90/display/1/index.html]
[mydahlia.co.kr/product/내츄럴-홈-디퓨저-그린그레이프-150ml/72/category/90/display/1/index.html]
[mydahlia.co.kr/product/내츄럴-홈-디퓨저-라벤더-150ml/92/category/90/display/1/index.html]
[mydahlia.co.kr/product/내츄럴-홈-디퓨저-라즈베리-150ml/74/category/90/display/1/index.html]
[mydahlia.co.kr/product/내츄럴-홈-디퓨저-코튼-150ml/93/category/90/display/1/index.html]
[mydahlia.co.kr/product/내츄럴-홈-디퓨저-피치-150ml/73/category/90/display/1/index.html]
[mydahlia.co.kr/category/shop/90/indexe689.html]
[mydahlia.co.kr/category/shop/90/index16e5.html]
[mydahlia.co.kr/category/shop/90/index1839.html]
[mydahlia.co.kr/category/shop/90/index61a9.html]
[mydahlia.co.kr/category/shop/90/index89dd.html]
[mydahlia.co.kr/product/포켓퍼퓸-나이트-아쿠아-18ml/96/category/90/display/1/index.html]
[mydahlia.co.kr/product/포켓퍼퓸-프루티-솝-18ml/95/category/90/display/1/index.html]
[mydahlia.co.kr/product/패브릭-퍼퓸-오렌지피버-100ml/97/category/90/display/1/index.html]
[mydahlia.co.kr/product/바디미스트-스위트-피오니-100ml/89/category/90/display/1/index.html]
[mydahlia.co.kr/product/바디미스트-어반-페어-100ml/88/category/90/display/1/index.html]
[mydahlia.co.kr/product/바디미스트-퓨어-피버-100ml/87/category/90/display/1/index.html]
[mydahlia.co.kr/category/shop/90/index7f0e.html]
[mydahlia.co.kr/category/shop/90/index7111.html]
[mydahlia.co.kr/category/shop/90/indexb1c5.html]
[mydahlia.co.kr/category/shop/90/index160a.html]
[mydahlia.co.kr/category/shop/90/index943a.html]
[mydahlia.co.kr/category/shop/90/indexd009.html]
[mydahlia.co.kr/category/shop/90/indexe4c1.html]
[mydahlia.co.kr/product/향수-edp-그린그레이프-50ml/32/category/90/display/1/index.html]
[mydahlia.co.kr/product/향수-edp-피버-50ml/30/category/90/display/1/index.html]
[mydahlia.co.kr/product/향수-edp-스트로베리-50ml/33/category/90/display/1/index.html]
[mydahlia.co.kr/product/향수-edp-매그놀리아-50ml/44/category/90/display/1/index.html]
[mydahlia.co.kr/product/향수-edp-라즈베리-50ml/24/category/90/display/1/index.html]
[mydahlia.co.kr/product/향수-edp-코튼블라썸-50ml/48/category/90/display/1/index.html]
[mydahlia.co.kr/product/향수-edp-플럼-50ml/70/category/90/display/1/index.html]
[mydahlia.co.kr/category/shop/90/index4667.html]
[mydahlia.co.kr/category/shop/90/indexb286.html]
[mydahlia.co.kr/category/shop/90/index2782.html]
[mydahlia.co.kr/category/shop/90/indexb2f2.html]
[mydahlia.co.kr/product/리얼-퍼퓸-샴푸-다마스크-로즈-1000ml/125/category/90/display/1/index.html]
[mydahlia.co.kr/product/패브릭-퍼퓸-그린그레이프-100ml/66/category/90/display/1/index.html]
[mydahlia.co.kr/product/패브릭-퍼퓸-블랙체리-100ml/68/category/90/display/1/index.html]
[mydahlia.co.kr/product/패브릭-퍼퓸-그레이프프룻-100ml/69/category/90/display/1/index.html]
[mydahlia.co.kr/product/패브릭-퍼퓸-애플블라썸-100ml/71/category/90/display/1/index.html]
[mydahlia.co.kr/category/shop/90/indexfdb0.html]
[mydahlia.co.kr/ind-script/optimizerc58b.css]
[mydahlia.co.kr/member/myshop/mileage/historyList.html]
[mydahlia.co.kr/member/myshop/deposits/historyList.html]
[mydahlia.co.kr/member/login6e73.html]
[mydahlia.co.kr/ind-script/optimizerba3c.css]
[mydahlia.co.kr/myshop/coupon/coupon2679.html]
[mydahlia.co.kr/member/loginb2b0.html]
[mydahlia.co.kr/member/loginf84b.html]
[mydahlia.co.kr/member/modify.html]
[mydahlia.co.kr/member/loginae73.html]
[mydahlia.co.kr/member/myshop/index.html]
[mydahlia.co.kr/ind-script/optimizerff8c.css]
[mydahlia.co.kr/ind-script/optimizer9a64.css]
[mydahlia.co.kr/protected/loginSns4e4b.html]
[mydahlia.co.kr/ind-script/optimizerf097.php]
[mydahlia.co.kr/member/myshop/order/list.html]
[mydahlia.co.kr/ind-script/optimizer9791.css]
[mydahlia.co.kr/order/baskete48c.html]
[mydahlia.co.kr/exec/front/Product/Wishlist/index.html]
[mydahlia.co.kr/ind-script/optimizer6095.css]
[mydahlia.co.kr/board/$1/$2/index.html]
[mydahlia.co.kr/product/바디미스트-그린그레이프-100ml/83/index.html]
[mydahlia.co.kr/article/상품-사용후기/4/21052/index.html]
[mydahlia.co.kr/article/상품-사용후기/4/21051/index.html]
[mydahlia.co.kr/product/딥-클리어링-머드-스틱-20g/137/index.html]
[mydahlia.co.kr/article/상품-사용후기/4/21050/index.html]
[mydahlia.co.kr/article/상품-사용후기/4/21049/index.html]
[mydahlia.co.kr/product/비타-워시-오프-밤-스틱-20g/143/index.html]
[mydahlia.co.kr/article/상품-사용후기/4/21048/index.html]
[mydahlia.co.kr/article/상품-사용후기/4/21047/index.html]
[mydahlia.co.kr/board/product/write4878.html]
[mydahlia.co.kr/board/product/list7935.html]
[mydahlia.co.kr/board/product/listb5cb.html]
[mydahlia.co.kr/board/product/liste5b3.html]
[mydahlia.co.kr/board/product/list2c85.html]
[mydahlia.co.kr/board/product/list13a7.html]
[mydahlia.co.kr/board/product/listc6f5.html]
[mydahlia.co.kr/board/product/list4de6.html]
[mydahlia.co.kr/article/공지사항/1/20723/index.html]
[mydahlia.co.kr/board/free/list1da0.html]
[mydahlia.co.kr/board/free/lista7e2.html]
[mydahlia.co.kr/board/free/list6379.html]
[mydahlia.co.kr/board/free/liste5b4.html]
[mydahlia.co.kr/board/free/list269f.html]
[mydahlia.co.kr/article/상품-qa/6/21059/index.html]
[mydahlia.co.kr/article/상품-qa/6/21063/index.html]
[mydahlia.co.kr/article/상품-qa/6/21032/index.html]
[mydahlia.co.kr/article/상품-qa/6/21033/index.html]
[mydahlia.co.kr/article/상품-qa/6/21018/index.html]
[mydahlia.co.kr/board/product/listf946.html]
[mydahlia.co.kr/article/이벤트/8/17870/index.html]
[mydahlia.co.kr/board/gallery/list2f30.html]
[mydahlia.co.kr/board/review/read88de.html]
[mydahlia.co.kr/board/review/read9fec.html]
[mydahlia.co.kr/board/review/read1abe.html]
[mydahlia.co.kr/board/review/read2f01.html]
[mydahlia.co.kr/board/review/readdaba.html]
[mydahlia.co.kr/board/review/readbafd.html]
[mydahlia.co.kr/board/review/read14d1.html]
[mydahlia.co.kr/board/review/list27935.html]
[mydahlia.co.kr/board/review/list2e5b3.html]
[mydahlia.co.kr/board/review/list22c85.html]
[mydahlia.co.kr/board/review/list213a7.html]
[mydahlia.co.kr/board/review/list2c6f5.html]
[mydahlia.co.kr/board/review/list2fec3.html]
[mydahlia.co.kr/board/review/list24de6.html]
[mydahlia.co.kr/board/review/list2e11b.html]
[mydahlia.co.kr/member/login7b33.html]
[mydahlia.co.kr/board/review/read16ca.html]
[mydahlia.co.kr/board/review/readcd04.html]
[mydahlia.co.kr/board/review/read75be.html]
[mydahlia.co.kr/board/review/read2818.html]
[mydahlia.co.kr/board/review/readbfef.html]
[mydahlia.co.kr/board/review/readf066.html]
[mydahlia.co.kr/board/review/read89db.html]
[mydahlia.co.kr/article/상품-사용후기/4/21056/index.html]
[mydahlia.co.kr/board/product/modify311d.html]
[mydahlia.co.kr/ind-script/optimizerc124.php]
[mydahlia.co.kr/web/upload/weskin32/kr/sub/icon_plus.png]
[mydahlia.co.kr/category/hairbody/87/indexb0c5.html]
[mydahlia.co.kr/category/hairbody/87/indexa037.html]
[mydahlia.co.kr/product/리얼-퍼퓸-샴푸-다마스크-로즈-1000ml/125/category/87/display/1/index.html]
[mydahlia.co.kr/product/리얼-퍼퓸-바디워시-다마스크-로즈-1000ml/126/category/87/display/1/index.html]
[mydahlia.co.kr/product/바디미스트-화이트머스크-100ml/90/category/87/display/1/index.html]
[mydahlia.co.kr/category/hairbody/87/index4658.html]
[mydahlia.co.kr/category/fragrance/93/indexddb3.html]
[mydahlia.co.kr/product/향수-edp-코튼블라썸-50ml/48/category/93/display/1/index.html]
[mydahlia.co.kr/web/product/medium/201907/4d3d1d427daad0e05a3bab5104ddeb19.png]
[mydahlia.co.kr/category/fragrance/93/index4658.html]
[mydahlia.co.kr/product/포켓퍼퓸-체리-블라썸-18ml/142/category/90/display/1/index.html]
[mydahlia.co.kr/web/product/medium/202110/b2b36be7159924b3577f591051e5a36d.jpg]
[mydahlia.co.kr/web/product/medium/202110/cb7143ded5831de0e49b6fdc7bb37bd9.jpg]
[mydahlia.co.kr/product/바미-에폭시-그립톡/132/category/90/display/1/index.html]
[mydahlia.co.kr/category/shop/90/index8fdd.html]
[mydahlia.co.kr/category/shop/90/index95f3.html]
[mydahlia.co.kr/product/내츄럴-홈-디퓨저-블랙체리-150ml/75/category/90/display/1/index.html]
[mydahlia.co.kr/web/product/medium/201907/410275765b0132da621c9bacf290b9a0.jpg]
[mydahlia.co.kr/product/포켓퍼퓸-소프티-로즈-18ml/94/category/90/display/1/index.html]
[mydahlia.co.kr/product/바디미스트-화이트머스크-100ml/90/category/90/display/1/index.html]
[mydahlia.co.kr/category/shop/90/index6de5.html]
[mydahlia.co.kr/category/shop/90/indexd614.html]
[mydahlia.co.kr/category/shop/90/indexbdbb.html]
[mydahlia.co.kr/product/향수-edp-걸리쉬-50ml/29/category/90/display/1/index.html]
[mydahlia.co.kr/product/향수-edp-티아라-50ml/31/category/90/display/1/index.html]
[mydahlia.co.kr/category/shop/90/indexf689.html]
[mydahlia.co.kr/web/product/medium/202105/36b42ecdc12684cfbfe84c94ef548035.png]
[mydahlia.co.kr/product/패브릭-퍼퓸-플럼-100ml/67/category/90/display/1/index.html]
[mydahlia.co.kr/ind-script/optimizer6c8c.php]
[mydahlia.co.kr/myshop/order/listb408.html]
[mydahlia.co.kr/myshop/order/list66a9.html]
[mydahlia.co.kr/myshop/likeit/product.html]
[mydahlia.co.kr/member/loginb60e.html]
[mydahlia.co.kr/member/login4dda.html]
[mydahlia.co.kr/member/myshop/regular_delivery.html]
[mydahlia.co.kr/web/product/tiny/202111/6cf884a28aab8d7da588d89625f100f6.jpg]
[mydahlia.co.kr/board/product/list3a83.html]
[mydahlia.co.kr/board/product/listfec3.html]
[mydahlia.co.kr/board/product/liste11b.html]
[mydahlia.co.kr/article/이벤트/8/16426/index.html]
[mydahlia.co.kr/file_data/jin6456508/gallery/2021/05/27/d6cd0c527fdf5c0817a83d73b6a68973.jpg]
[mydahlia.co.kr/board/review/list2b5cb.html]
[mydahlia.co.kr/board/review/list23a83.html]
[mydahlia.co.kr/board/review/reade317.html]
